// Jest Snapshot v1, https://goo.gl/fbAQLP

exports[`Should withAudio render correctly 1`] = `
<div>
  <audio />
</div>
`;
